    Asset     Size  Chunks             Chunk Names
bundle.js  7.34 kB       0  [emitted]  main
chunk    {0} bundle.js (main) 4.22 kB [entry] [rendered]
    [0] ./test/.test/save-dts-files/src/components/Board.css 516 bytes {0} [built]
    [1] ./test/.test/save-dts-files/src/components/Game.css 798 bytes {0} [built]
    [2] ./test/.test/save-dts-files/src/components/Game.ts 310 bytes {0} [built] [1 error]
    [3] ./test/.test/save-dts-files/src/components/Board.ts 190 bytes {0}
    [4] ./test/.test/save-dts-files/src/index.ts 150 bytes {0}
    [6] ./~/css-loader/lib/css-base.js 2.26 kB {0} [built]

ERROR in ./test/.test/save-dts-files/src/components/Game.ts
[37m([39m[36m9[39m,[36m21[39m): [31merror TS2339: Property 'gameFooter' does not exist on type 'typeof "/test/.test/save-dts-files/src/components/Game.css"'.[39m