{
  "compilerOptions": {
    "module": "commonjs",
    "target": "es5",
    "outDir": "../lib/"
  },
  "files": [
    "./index.ts"
  ]
}
